
FastAPI app initialization

Registering routes:
 - Home router mounted at /
 - Core entity routers mounted with their prefixes
 - Mouvements AJAX router mounted at /mouvements/api
 - API Structure router mounted at /api/mouvements
 - Timeline router mounted
 - Structure routers mounted
 - Admin routers mounted under /admin/ght
 - HPRIM CCAM router mounted
 - HPRIM UCD routers mounted
 - HPRIM LPP routers mounted
 - HPRIM Management router mounted at /hprim
 - Roundtrip HPRIM router mounted at /roundtrip-hprim
 - Cotation moderne router mounted at /cotation-modern
 - Integration routers mounted
 - Validation and conformity routers mounted
 - Context router mounted
 - Scenario templates router mounted
 - Scenario EJ config router mounted
 - Utility routers mounted
 - Cache router mounted at /api/cache
 - Import examples router mounted at /import
 - Authentication router mounted
 - Protected admin router mounted at /api/admin
 - FHIR API routers mounted
 - Metrics UI router mounted at /metrics
 - Monitoring dashboard mounted at /dashboard
 - Test helpers mounted
 - Debug router mounted at /debug
All routes registered.
Application ready with 405 routes
........................................................................ [ 13%]
......................x...............................................FF [ 27%]
...FF.FF..F.............FFF...FFF...FFFFF.FEEEEEEEEEEEEEEEEEEEExxEEEEEEE [ 40%]
EEEEEEEEEEEEEEEEEEEEEEEEEEEEEEEEEEEEEEEEEEEEEEEEEEEEEEEEEEEEEEEEEEEEEEEE [ 54%]
EEEEEEEEEEEEEEEEEEEEEEEEEEEEEEEEEEEEEEEEEEEEEEEEEEEEEEEEEEEEEEEEEEEEEEEE [ 68%]
EEEEEEEEEEEEEEEEEEEEEEEEEEEEEExEEEEEEEEEEEEEEEEEEEEEEEEEEEEEEEEEEEEEEEEE [ 81%]
EEEEEEEEEEEEEEEEEEEEEEEEEEEEEEEEEEEEEEEEEEEEEEEEEEEEEEEEEEEEEEEEEEEEEEEE [ 95%]
EEEEEEEEEEEEEEEEEEEEEEEE                                                 [100%]INTERNALERROR> Traceback (most recent call last):
INTERNALERROR>   File "/home/nico/.local/lib/python3.10/site-packages/_pytest/main.py", line 271, in wrap_session
INTERNALERROR>     session.exitstatus = doit(config, session) or 0
INTERNALERROR>   File "/home/nico/.local/lib/python3.10/site-packages/_pytest/main.py", line 325, in _main
INTERNALERROR>     config.hook.pytest_runtestloop(session=session)
INTERNALERROR>   File "/home/nico/.local/lib/python3.10/site-packages/pluggy/_hooks.py", line 512, in __call__
INTERNALERROR>     return self._hookexec(self.name, self._hookimpls.copy(), kwargs, firstresult)
INTERNALERROR>   File "/home/nico/.local/lib/python3.10/site-packages/pluggy/_manager.py", line 120, in _hookexec
INTERNALERROR>     return self._inner_hookexec(hook_name, methods, kwargs, firstresult)
INTERNALERROR>   File "/home/nico/.local/lib/python3.10/site-packages/pluggy/_callers.py", line 167, in _multicall
INTERNALERROR>     raise exception
INTERNALERROR>   File "/home/nico/.local/lib/python3.10/site-packages/pluggy/_callers.py", line 139, in _multicall
INTERNALERROR>     teardown.throw(exception)
INTERNALERROR>   File "/home/nico/.local/lib/python3.10/site-packages/pluggy/_callers.py", line 53, in run_old_style_hookwrapper
INTERNALERROR>     return result.get_result()
INTERNALERROR>   File "/home/nico/.local/lib/python3.10/site-packages/pluggy/_result.py", line 103, in get_result
INTERNALERROR>     raise exc.with_traceback(tb)
INTERNALERROR>   File "/home/nico/.local/lib/python3.10/site-packages/pluggy/_callers.py", line 38, in run_old_style_hookwrapper
INTERNALERROR>     res = yield
INTERNALERROR>   File "/home/nico/.local/lib/python3.10/site-packages/pluggy/_callers.py", line 152, in _multicall
INTERNALERROR>     teardown.send(result)
INTERNALERROR>   File "/home/nico/.local/lib/python3.10/site-packages/pytest_cov/plugin.py", line 349, in pytest_runtestloop
INTERNALERROR>     self.cov_controller.finish()
INTERNALERROR>   File "/home/nico/.local/lib/python3.10/site-packages/pytest_cov/engine.py", line 55, in ensure_topdir_wrapper
INTERNALERROR>     return meth(self, *args, **kwargs)
INTERNALERROR>   File "/home/nico/.local/lib/python3.10/site-packages/pytest_cov/engine.py", line 298, in finish
INTERNALERROR>     self.cov.combine()
INTERNALERROR>   File "/home/nico/.local/lib/python3.10/site-packages/coverage/control.py", line 899, in combine
INTERNALERROR>     combine_parallel_data(
INTERNALERROR>   File "/home/nico/.local/lib/python3.10/site-packages/coverage/data.py", line 185, in combine_parallel_data
INTERNALERROR>     data.update(new_data, map_path=map_path)
INTERNALERROR>   File "/home/nico/.local/lib/python3.10/site-packages/coverage/sqldata.py", line 713, in update
INTERNALERROR>     raise DataError(
INTERNALERROR> coverage.exceptions.DataError: Can't combine statement coverage data with branch data

19 failed, 167 passed, 1 skipped, 4 xfailed, 249 warnings, 338 errors in 322.85s (0:05:22)
